// Jest Snapshot v1, https://goo.gl/fbAQLP

exports[`should render ExpenseList with expenses 1`] = `
<div>
  <ExpenseListItem
    amount={195}
    createdAt={"1970-01-01T00:00:00.000Z"}
    descreption="Gum"
    id="1"
    key="1"
    note=""
  />
  <ExpenseListItem
    amount={19500000}
    createdAt={-345600000}
    descreption="Rent"
    id="2"
    key="2"
    note=""
  />
  <ExpenseListItem
    amount={4500}
    createdAt={345600000}
    descreption="Credit Card"
    id="3"
    key="3"
    note=""
  />
</div>
`;
